原始工位数 3 → 切 3 工位
[13:55:38] == P0 启动 3 通道 真视频+真模型 (device=cpu 绕开 MPS 并发崩溃) ==
[13:55:38]   ✅ ch0 强制 CPU 设备: 200
[13:55:38]   ✅ ch0 set-project: 200
[13:55:39]   ✅ ch0 video/start(3x): 200 {"status":"success","message":"视频已开始播放 (ch0)","speed":3.0}
[13:55:39]   ✅ ch0 detection/start: 200 {"status":"success","message":"检测已启动 (ch0)","session_id":57,"session_uuid":"b704
[13:55:39]   ✅ ch1 强制 CPU 设备: 200
[13:55:39]   ✅ ch1 set-project: 200
[13:55:39]   ✅ ch1 video/start(3x): 200 {"status":"success","message":"视频已开始播放 (ch1)","speed":3.0}
[13:55:39]   ✅ ch1 detection/start: 200 {"status":"success","message":"检测已启动 (ch1)","session_id":59,"session_uuid":"2aaf
[13:55:39]   ✅ ch2 强制 CPU 设备: 200
[13:55:39]   ✅ ch2 set-project: 200
[13:55:40]   ✅ ch2 video/start(3x): 200 {"status":"success","message":"视频已开始播放 (ch2)","speed":3.0}
[13:55:40]   ✅ ch2 detection/start: 200 {"status":"success","message":"检测已启动 (ch2)","session_id":61,"session_uuid":"a0b6
[13:55:40] == P1 等 20s 模型加载+推理起跑 ==
[13:56:00]   ✅ ch0 is_detecting
[13:56:00]   ✅ ch0 fps=69
[13:56:00]   ✅ ch1 is_detecting
[13:56:00]   ✅ ch1 fps=66
[13:56:00]   ✅ ch2 is_detecting
[13:56:00]   ✅ ch2 fps=66
[13:56:00] == P2 跑 130s, 视频循环重启, 计数单调性 + 步骤活动 ==
[13:56:30]   ch0 视频放完 → 重启视频+检测 (计数应保留)
[13:57:21]   ch0 视频放完 → 重启视频+检测 (计数应保留)
[13:57:22]   ch2 视频放完 → 重启视频+检测 (计数应保留)
[13:57:42]   ch1 视频放完 → 重启视频+检测 (计数应保留)
[13:58:08]   ch0 视频放完 → 重启视频+检测 (计数应保留)
[13:58:14]   ✅ ch0 步骤统计/检测框有活动
[13:58:14]   ✅ ch0 计数单调不减 (4, 0, 4) → (5, 0, 5)
[13:58:14]   ✅ ch0 总产量≈合格+不良 (5 vs 0+5)
[13:58:14]   ✅ ch1 步骤统计/检测框有活动
[13:58:14]   ✅ ch1 计数单调不减 (8, 0, 8) → (10, 0, 10)
[13:58:14]   ✅ ch1 总产量≈合格+不良 (10 vs 0+10)
[13:58:14]   ✅ ch2 步骤统计/检测框有活动
[13:58:14]   ✅ ch2 计数单调不减 (4, 0, 4) → (8, 0, 8)
[13:58:14]   ✅ ch2 总产量≈合格+不良 (8 vs 0+8)
[13:58:14]   ✅ 至少一个通道产生了已结算周期 (总产量>0): {0: (5, 0, 5), 1: (10, 0, 10), 2: (8, 0, 8)}
[13:58:14]   计数快照: {0: (5, 0, 5), 1: (10, 0, 10), 2: (8, 0, 8)}
[13:58:14] == P2b 浏览器核对 UI 计数与 API 一致 ==
[13:58:21]   ✅ UI 有 3 张总产量卡: ['5', '11', '8']
[13:58:21]   ✅ ch0 UI 总产量 5 ≈ API 5
[13:58:21]   ✅ ch1 UI 总产量 11 ≈ API 11
[13:58:21]   ✅ ch2 UI 总产量 8 ≈ API 8
[13:58:21]   ✅ 默认设置: 3 行都有 NG TOP3
[13:58:21]   ✅ 默认设置: 3 个合格率环渲染
[13:58:21] == P3 ch0 项目设置: 禁用末步 + 首步改名 ==
[13:58:21]   ✅ ch0 重新 set-project: 200
[13:58:24]   ✅ ch0 后端生效步骤 7→6: 6
[13:58:24]   ✅ ch0 改项目配置计数不清零 (5, 0, 5) → (5, 0, 5)
[13:58:29]   ✅ UI 显示改名后的步骤名
  (ch0 SOP 卡片数 DOM 采样: 6)
[13:58:29]   ✅ ch0 项目配置还原
[13:58:29] == P4 显示设置: 关 ngTop3/不良卡/PT列/合格率环 → 隐藏; 还原 → 回来 ==
[13:58:34]   ✅ 关 ngTop3 → TOP3 面板消失
[13:58:34]   ✅ 关 showBad → 不良计数卡消失
[13:58:34]   ✅ 关 showPt → PT 列消失
[13:58:34]   ✅ 关 capacityChart → 合格率环消失
[13:58:39]   ✅ 还原显示设置 → TOP3 回来
[13:58:39]   ✅ 还原 → 不良卡回来
[13:58:40]   ✅ 还原 → 合格率环回来
[13:58:40] == P5 conf 0.8 → 0.25 反复重启检测 ==
[13:58:41]   ✅ ch0 conf=0.8 重启检测: 200
[13:58:47]   ✅ ch0 conf=0.8 后仍检测中 fps=63
[13:58:48]   ✅ ch0 conf=0.25 重启检测: 200
[13:58:54]   ✅ ch0 conf=0.25 后仍检测中 fps=62
[13:58:54] == 清理: 停检测/停视频/还原工位数 ==
工位数已还原 3

===== 结果: PASS 50 / FAIL 0 =====
